Enter weight in kilograms
7 kilograms in stones, pounds and ounces is:
1 stone, 1 pound and 7 ounces
