Enter weight in kilograms
1 kilogram in stones, pounds and ounces is:
2 pounds and 3 ounces
