Enter weight in kilograms
3 kilograms in stones, pounds and ounces is:
6 pounds and 10 ounces

