Enter weight in kilograms
72 kilograms in stones, pounds and ounces is:
11 stones, 4 pounds and 12 ounces
