Enter weight in kilograms
6 kilograms in stones, pounds and ounces is:
13 pounds and 4 ounces
